{"timestamp": "2025-08-03T14:07:31.664055", "level": "ERROR", "logger": "chromadb.telemetry.product.posthog", "message": "Failed to send telemetry event ClientStartEvent: capture() takes 1 positional argument but 3 were given", "module": "posthog", "function": "_direct_capture", "line": 59}
{"timestamp": "2025-08-03T14:07:31.674233", "level": "ERROR", "logger": "chromadb.telemetry.product.posthog", "message": "Failed to send telemetry event ClientCreateCollectionEvent: capture() takes 1 positional argument but 3 were given", "module": "posthog", "function": "_direct_capture", "line": 59}
{"timestamp": "2025-08-03T14:07:49.502861", "level": "ERROR", "logger": "chromadb.telemetry.product.posthog", "message": "Failed to send telemetry event ClientStartEvent: capture() takes 1 positional argument but 3 were given", "module": "posthog", "function": "_direct_capture", "line": 59}
{"timestamp": "2025-08-03T14:07:49.503805", "level": "ERROR", "logger": "chromadb.telemetry.product.posthog", "message": "Failed to send telemetry event ClientStartEvent: capture() takes 1 positional argument but 3 were given", "module": "posthog", "function": "_direct_capture", "line": 59}
{"timestamp": "2025-08-03T14:07:49.505042", "level": "ERROR", "logger": "chromadb.telemetry.product.posthog", "message": "Failed to send telemetry event ClientCreateCollectionEvent: capture() takes 1 positional argument but 3 were given", "module": "posthog", "function": "_direct_capture", "line": 59}
{"timestamp": "2025-08-03T14:07:49.506480", "level": "ERROR", "logger": "chromadb.telemetry.product.posthog", "message": "Failed to send telemetry event ClientCreateCollectionEvent: capture() takes 1 positional argument but 3 were given", "module": "posthog", "function": "_direct_capture", "line": 59}
{"timestamp": "2025-08-03T14:08:48.489873", "level": "ERROR", "logger": "chromadb.telemetry.product.posthog", "message": "Failed to send telemetry event ClientStartEvent: capture() takes 1 positional argument but 3 were given", "module": "posthog", "function": "_direct_capture", "line": 59}
{"timestamp": "2025-08-03T14:08:48.491850", "level": "ERROR", "logger": "chromadb.telemetry.product.posthog", "message": "Failed to send telemetry event ClientCreateCollectionEvent: capture() takes 1 positional argument but 3 were given", "module": "posthog", "function": "_direct_capture", "line": 59}
{"timestamp": "2025-08-03T14:08:48.495309", "level": "ERROR", "logger": "chromadb.telemetry.product.posthog", "message": "Failed to send telemetry event ClientStartEvent: capture() takes 1 positional argument but 3 were given", "module": "posthog", "function": "_direct_capture", "line": 59}
{"timestamp": "2025-08-03T14:08:48.496103", "level": "ERROR", "logger": "chromadb.telemetry.product.posthog", "message": "Failed to send telemetry event ClientCreateCollectionEvent: capture() takes 1 positional argument but 3 were given", "module": "posthog", "function": "_direct_capture", "line": 59}
{"timestamp": "2025-08-03T14:58:47.415761", "level": "ERROR", "logger": "chromadb.telemetry.product.posthog", "message": "Failed to send telemetry event ClientStartEvent: capture() takes 1 positional argument but 3 were given", "module": "posthog", "function": "_direct_capture", "line": 59}
{"timestamp": "2025-08-03T14:58:47.425364", "level": "ERROR", "logger": "chromadb.telemetry.product.posthog", "message": "Failed to send telemetry event ClientCreateCollectionEvent: capture() takes 1 positional argument but 3 were given", "module": "posthog", "function": "_direct_capture", "line": 59}
{"timestamp": "2025-08-03T14:59:50.847401", "level": "ERROR", "logger": "chromadb.telemetry.product.posthog", "message": "Failed to send telemetry event ClientStartEvent: capture() takes 1 positional argument but 3 were given", "module": "posthog", "function": "_direct_capture", "line": 59}
{"timestamp": "2025-08-03T14:59:50.850380", "level": "ERROR", "logger": "chromadb.telemetry.product.posthog", "message": "Failed to send telemetry event ClientCreateCollectionEvent: capture() takes 1 positional argument but 3 were given", "module": "posthog", "function": "_direct_capture", "line": 59}
{"timestamp": "2025-08-03T14:59:50.859516", "level": "ERROR", "logger": "chromadb.telemetry.product.posthog", "message": "Failed to send telemetry event ClientStartEvent: capture() takes 1 positional argument but 3 were given", "module": "posthog", "function": "_direct_capture", "line": 59}
{"timestamp": "2025-08-03T14:59:50.860663", "level": "ERROR", "logger": "chromadb.telemetry.product.posthog", "message": "Failed to send telemetry event ClientCreateCollectionEvent: capture() takes 1 positional argument but 3 were given", "module": "posthog", "function": "_direct_capture", "line": 59}
{"timestamp": "2025-08-03T15:02:19.554866", "level": "ERROR", "logger": "chromadb.telemetry.product.posthog", "message": "Failed to send telemetry event ClientStartEvent: capture() takes 1 positional argument but 3 were given", "module": "posthog", "function": "_direct_capture", "line": 59}
{"timestamp": "2025-08-03T15:02:19.563388", "level": "ERROR", "logger": "chromadb.telemetry.product.posthog", "message": "Failed to send telemetry event ClientCreateCollectionEvent: capture() takes 1 positional argument but 3 were given", "module": "posthog", "function": "_direct_capture", "line": 59}
{"timestamp": "2025-08-03T15:10:02.185774", "level": "ERROR", "logger": "chromadb.telemetry.product.posthog", "message": "Failed to send telemetry event ClientStartEvent: capture() takes 1 positional argument but 3 were given", "module": "posthog", "function": "_direct_capture", "line": 59}
{"timestamp": "2025-08-03T15:10:02.194336", "level": "ERROR", "logger": "chromadb.telemetry.product.posthog", "message": "Failed to send telemetry event ClientCreateCollectionEvent: capture() takes 1 positional argument but 3 were given", "module": "posthog", "function": "_direct_capture", "line": 59}
{"timestamp": "2025-08-03T15:21:10.209701", "level": "ERROR", "logger": "chromadb.telemetry.product.posthog", "message": "Failed to send telemetry event ClientStartEvent: capture() takes 1 positional argument but 3 were given", "module": "posthog", "function": "_direct_capture", "line": 59}
{"timestamp": "2025-08-03T15:21:10.218935", "level": "ERROR", "logger": "chromadb.telemetry.product.posthog", "message": "Failed to send telemetry event ClientCreateCollectionEvent: capture() takes 1 positional argument but 3 were given", "module": "posthog", "function": "_direct_capture", "line": 59}
{"timestamp": "2025-08-03T15:28:49.774835", "level": "ERROR", "logger": "chromadb.telemetry.product.posthog", "message": "Failed to send telemetry event ClientStartEvent: capture() takes 1 positional argument but 3 were given", "module": "posthog", "function": "_direct_capture", "line": 59}
{"timestamp": "2025-08-03T15:28:49.783725", "level": "ERROR", "logger": "chromadb.telemetry.product.posthog", "message": "Failed to send telemetry event ClientCreateCollectionEvent: capture() takes 1 positional argument but 3 were given", "module": "posthog", "function": "_direct_capture", "line": 59}
{"timestamp": "2025-08-04T02:45:23.654356", "level": "ERROR", "logger": "chromadb.telemetry.product.posthog", "message": "Failed to send telemetry event ClientStartEvent: capture() takes 1 positional argument but 3 were given", "module": "posthog", "function": "_direct_capture", "line": 59}
{"timestamp": "2025-08-04T02:45:23.662882", "level": "ERROR", "logger": "chromadb.telemetry.product.posthog", "message": "Failed to send telemetry event ClientCreateCollectionEvent: capture() takes 1 positional argument but 3 were given", "module": "posthog", "function": "_direct_capture", "line": 59}
{"timestamp": "2025-08-04T02:50:36.576851", "level": "ERROR", "logger": "chromadb.telemetry.product.posthog", "message": "Failed to send telemetry event ClientStartEvent: capture() takes 1 positional argument but 3 were given", "module": "posthog", "function": "_direct_capture", "line": 59}
{"timestamp": "2025-08-04T02:50:36.585380", "level": "ERROR", "logger": "chromadb.telemetry.product.posthog", "message": "Failed to send telemetry event ClientCreateCollectionEvent: capture() takes 1 positional argument but 3 were given", "module": "posthog", "function": "_direct_capture", "line": 59}
{"timestamp": "2025-08-04T03:14:20.476508", "level": "ERROR", "logger": "chromadb.telemetry.product.posthog", "message": "Failed to send telemetry event ClientStartEvent: capture() takes 1 positional argument but 3 were given", "module": "posthog", "function": "_direct_capture", "line": 59}
{"timestamp": "2025-08-04T03:14:20.478187", "level": "ERROR", "logger": "chromadb.telemetry.product.posthog", "message": "Failed to send telemetry event ClientStartEvent: capture() takes 1 positional argument but 3 were given", "module": "posthog", "function": "_direct_capture", "line": 59}
{"timestamp": "2025-08-04T03:14:20.479115", "level": "ERROR", "logger": "chromadb.telemetry.product.posthog", "message": "Failed to send telemetry event ClientStartEvent: capture() takes 1 positional argument but 3 were given", "module": "posthog", "function": "_direct_capture", "line": 59}
{"timestamp": "2025-08-04T03:14:20.479269", "level": "ERROR", "logger": "chromadb.telemetry.product.posthog", "message": "Failed to send telemetry event ClientStartEvent: capture() takes 1 positional argument but 3 were given", "module": "posthog", "function": "_direct_capture", "line": 59}
{"timestamp": "2025-08-04T03:14:20.488398", "level": "ERROR", "logger": "chromadb.telemetry.product.posthog", "message": "Failed to send telemetry event ClientCreateCollectionEvent: capture() takes 1 positional argument but 3 were given", "module": "posthog", "function": "_direct_capture", "line": 59}
{"timestamp": "2025-08-04T03:14:20.488499", "level": "ERROR", "logger": "chromadb.telemetry.product.posthog", "message": "Failed to send telemetry event ClientCreateCollectionEvent: capture() takes 1 positional argument but 3 were given", "module": "posthog", "function": "_direct_capture", "line": 59}
{"timestamp": "2025-08-04T03:14:20.490357", "level": "ERROR", "logger": "chromadb.telemetry.product.posthog", "message": "Failed to send telemetry event ClientCreateCollectionEvent: capture() takes 1 positional argument but 3 were given", "module": "posthog", "function": "_direct_capture", "line": 59}
{"timestamp": "2025-08-04T03:14:20.490481", "level": "ERROR", "logger": "chromadb.telemetry.product.posthog", "message": "Failed to send telemetry event ClientCreateCollectionEvent: capture() takes 1 positional argument but 3 were given", "module": "posthog", "function": "_direct_capture", "line": 59}
{"timestamp": "2025-08-04T03:21:11.049556", "level": "ERROR", "logger": "chromadb.telemetry.product.posthog", "message": "Failed to send telemetry event ClientStartEvent: capture() takes 1 positional argument but 3 were given", "module": "posthog", "function": "_direct_capture", "line": 59}
{"timestamp": "2025-08-04T03:21:11.059755", "level": "ERROR", "logger": "chromadb.telemetry.product.posthog", "message": "Failed to send telemetry event ClientCreateCollectionEvent: capture() takes 1 positional argument but 3 were given", "module": "posthog", "function": "_direct_capture", "line": 59}
{"timestamp": "2025-08-04T03:21:12.037145", "level": "ERROR", "logger": "chromadb.telemetry.product.posthog", "message": "Failed to send telemetry event CollectionQueryEvent: capture() takes 1 positional argument but 3 were given", "module": "posthog", "function": "_direct_capture", "line": 59}
{"timestamp": "2025-08-04T03:24:28.797738", "level": "ERROR", "logger": "chromadb.telemetry.product.posthog", "message": "Failed to send telemetry event ClientStartEvent: capture() takes 1 positional argument but 3 were given", "module": "posthog", "function": "_direct_capture", "line": 59}
{"timestamp": "2025-08-04T03:24:28.807712", "level": "ERROR", "logger": "chromadb.telemetry.product.posthog", "message": "Failed to send telemetry event ClientCreateCollectionEvent: capture() takes 1 positional argument but 3 were given", "module": "posthog", "function": "_direct_capture", "line": 59}
{"timestamp": "2025-08-04T03:24:30.693798", "level": "ERROR", "logger": "chromadb.telemetry.product.posthog", "message": "Failed to send telemetry event ClientStartEvent: capture() takes 1 positional argument but 3 were given", "module": "posthog", "function": "_direct_capture", "line": 59}
{"timestamp": "2025-08-04T03:24:30.699771", "level": "ERROR", "logger": "chromadb.telemetry.product.posthog", "message": "Failed to send telemetry event ClientCreateCollectionEvent: capture() takes 1 positional argument but 3 were given", "module": "posthog", "function": "_direct_capture", "line": 59}
{"timestamp": "2025-08-04T03:24:32.322615", "level": "ERROR", "logger": "chromadb.telemetry.product.posthog", "message": "Failed to send telemetry event ClientStartEvent: capture() takes 1 positional argument but 3 were given", "module": "posthog", "function": "_direct_capture", "line": 59}
{"timestamp": "2025-08-04T03:24:32.324807", "level": "ERROR", "logger": "chromadb.telemetry.product.posthog", "message": "Failed to send telemetry event ClientCreateCollectionEvent: capture() takes 1 positional argument but 3 were given", "module": "posthog", "function": "_direct_capture", "line": 59}
{"timestamp": "2025-08-04T03:24:34.376647", "level": "ERROR", "logger": "chromadb.telemetry.product.posthog", "message": "Failed to send telemetry event ClientStartEvent: capture() takes 1 positional argument but 3 were given", "module": "posthog", "function": "_direct_capture", "line": 59}
{"timestamp": "2025-08-04T03:24:34.384491", "level": "ERROR", "logger": "chromadb.telemetry.product.posthog", "message": "Failed to send telemetry event ClientCreateCollectionEvent: capture() takes 1 positional argument but 3 were given", "module": "posthog", "function": "_direct_capture", "line": 59}
{"timestamp": "2025-08-04T03:24:38.265178", "level": "ERROR", "logger": "chromadb.telemetry.product.posthog", "message": "Failed to send telemetry event ClientStartEvent: capture() takes 1 positional argument but 3 were given", "module": "posthog", "function": "_direct_capture", "line": 59}
{"timestamp": "2025-08-04T03:24:38.268136", "level": "ERROR", "logger": "chromadb.telemetry.product.posthog", "message": "Failed to send telemetry event ClientCreateCollectionEvent: capture() takes 1 positional argument but 3 were given", "module": "posthog", "function": "_direct_capture", "line": 59}
{"timestamp": "2025-08-04T03:24:46.963884", "level": "ERROR", "logger": "chromadb.telemetry.product.posthog", "message": "Failed to send telemetry event ClientStartEvent: capture() takes 1 positional argument but 3 were given", "module": "posthog", "function": "_direct_capture", "line": 59}
{"timestamp": "2025-08-04T03:24:46.966057", "level": "ERROR", "logger": "chromadb.telemetry.product.posthog", "message": "Failed to send telemetry event ClientStartEvent: capture() takes 1 positional argument but 3 were given", "module": "posthog", "function": "_direct_capture", "line": 59}
{"timestamp": "2025-08-04T03:24:46.967232", "level": "ERROR", "logger": "chromadb.telemetry.product.posthog", "message": "Failed to send telemetry event ClientStartEvent: capture() takes 1 positional argument but 3 were given", "module": "posthog", "function": "_direct_capture", "line": 59}
{"timestamp": "2025-08-04T03:24:46.967633", "level": "ERROR", "logger": "chromadb.telemetry.product.posthog", "message": "Failed to send telemetry event ClientStartEvent: capture() takes 1 positional argument but 3 were given", "module": "posthog", "function": "_direct_capture", "line": 59}
{"timestamp": "2025-08-04T03:24:46.967669", "level": "ERROR", "logger": "chromadb.telemetry.product.posthog", "message": "Failed to send telemetry event ClientCreateCollectionEvent: capture() takes 1 positional argument but 3 were given", "module": "posthog", "function": "_direct_capture", "line": 59}
{"timestamp": "2025-08-04T03:24:46.968964", "level": "ERROR", "logger": "chromadb.telemetry.product.posthog", "message": "Failed to send telemetry event ClientCreateCollectionEvent: capture() takes 1 positional argument but 3 were given", "module": "posthog", "function": "_direct_capture", "line": 59}
{"timestamp": "2025-08-04T03:24:46.971515", "level": "ERROR", "logger": "chromadb.telemetry.product.posthog", "message": "Failed to send telemetry event ClientCreateCollectionEvent: capture() takes 1 positional argument but 3 were given", "module": "posthog", "function": "_direct_capture", "line": 59}
{"timestamp": "2025-08-04T03:24:46.972039", "level": "ERROR", "logger": "chromadb.telemetry.product.posthog", "message": "Failed to send telemetry event ClientCreateCollectionEvent: capture() takes 1 positional argument but 3 were given", "module": "posthog", "function": "_direct_capture", "line": 59}
{"timestamp": "2025-08-04T03:25:31.994737", "level": "ERROR", "logger": "chromadb.telemetry.product.posthog", "message": "Failed to send telemetry event ClientStartEvent: capture() takes 1 positional argument but 3 were given", "module": "posthog", "function": "_direct_capture", "line": 59}
{"timestamp": "2025-08-04T03:25:31.997907", "level": "ERROR", "logger": "chromadb.telemetry.product.posthog", "message": "Failed to send telemetry event ClientCreateCollectionEvent: capture() takes 1 positional argument but 3 were given", "module": "posthog", "function": "_direct_capture", "line": 59}
{"timestamp": "2025-08-04T03:25:32.103770", "level": "ERROR", "logger": "chromadb.telemetry.product.posthog", "message": "Failed to send telemetry event CollectionQueryEvent: capture() takes 1 positional argument but 3 were given", "module": "posthog", "function": "_direct_capture", "line": 59}
{"timestamp": "2025-08-04T04:13:29.112544", "level": "ERROR", "logger": "app.api.routes_document", "message": "PDF request - File not found: '/data/user_documents/1/57239806_Baktybekov20Talgat_CV_1_2b1b4287.pdf'", "module": "routes_document", "function": "serve_pdf", "line": 383}
{"timestamp": "2025-08-04T04:13:29.113755", "level": "ERROR", "logger": "app.api.routes_document", "message": "PDF request - User directory does not exist: '/data/user_documents/1'", "module": "routes_document", "function": "serve_pdf", "line": 390}
{"timestamp": "2025-08-04T04:14:39.550446", "level": "ERROR", "logger": "chromadb.telemetry.product.posthog", "message": "Failed to send telemetry event ClientStartEvent: capture() takes 1 positional argument but 3 were given", "module": "posthog", "function": "_direct_capture", "line": 59}
{"timestamp": "2025-08-04T04:14:39.550542", "level": "ERROR", "logger": "chromadb.telemetry.product.posthog", "message": "Failed to send telemetry event ClientStartEvent: capture() takes 1 positional argument but 3 were given", "module": "posthog", "function": "_direct_capture", "line": 59}
{"timestamp": "2025-08-04T04:14:39.559373", "level": "ERROR", "logger": "chromadb.telemetry.product.posthog", "message": "Failed to send telemetry event ClientCreateCollectionEvent: capture() takes 1 positional argument but 3 were given", "module": "posthog", "function": "_direct_capture", "line": 59}
{"timestamp": "2025-08-04T04:14:39.559439", "level": "ERROR", "logger": "chromadb.telemetry.product.posthog", "message": "Failed to send telemetry event ClientCreateCollectionEvent: capture() takes 1 positional argument but 3 were given", "module": "posthog", "function": "_direct_capture", "line": 59}
{"timestamp": "2025-08-04T04:14:39.573831", "level": "ERROR", "logger": "chromadb.telemetry.product.posthog", "message": "Failed to send telemetry event ClientStartEvent: capture() takes 1 positional argument but 3 were given", "module": "posthog", "function": "_direct_capture", "line": 59}
{"timestamp": "2025-08-04T04:14:39.574032", "level": "ERROR", "logger": "chromadb.telemetry.product.posthog", "message": "Failed to send telemetry event ClientStartEvent: capture() takes 1 positional argument but 3 were given", "module": "posthog", "function": "_direct_capture", "line": 59}
{"timestamp": "2025-08-04T04:14:39.575168", "level": "ERROR", "logger": "chromadb.telemetry.product.posthog", "message": "Failed to send telemetry event ClientCreateCollectionEvent: capture() takes 1 positional argument but 3 were given", "module": "posthog", "function": "_direct_capture", "line": 59}
{"timestamp": "2025-08-04T04:14:39.575250", "level": "ERROR", "logger": "chromadb.telemetry.product.posthog", "message": "Failed to send telemetry event ClientCreateCollectionEvent: capture() takes 1 positional argument but 3 were given", "module": "posthog", "function": "_direct_capture", "line": 59}
{"timestamp": "2025-08-04T04:15:17.583833", "level": "ERROR", "logger": "chromadb.telemetry.product.posthog", "message": "Failed to send telemetry event ClientStartEvent: capture() takes 1 positional argument but 3 were given", "module": "posthog", "function": "_direct_capture", "line": 59}
{"timestamp": "2025-08-04T04:15:17.587551", "level": "ERROR", "logger": "chromadb.telemetry.product.posthog", "message": "Failed to send telemetry event ClientCreateCollectionEvent: capture() takes 1 positional argument but 3 were given", "module": "posthog", "function": "_direct_capture", "line": 59}
{"timestamp": "2025-08-04T04:15:17.726234", "level": "ERROR", "logger": "chromadb.telemetry.product.posthog", "message": "Failed to send telemetry event CollectionQueryEvent: capture() takes 1 positional argument but 3 were given", "module": "posthog", "function": "_direct_capture", "line": 59}
{"timestamp": "2025-08-04T07:36:11.512317", "level": "ERROR", "logger": "chromadb.telemetry.product.posthog", "message": "Failed to send telemetry event ClientStartEvent: capture() takes 1 positional argument but 3 were given", "module": "posthog", "function": "_direct_capture", "line": 59}
{"timestamp": "2025-08-04T07:36:11.521502", "level": "ERROR", "logger": "chromadb.telemetry.product.posthog", "message": "Failed to send telemetry event ClientCreateCollectionEvent: capture() takes 1 positional argument but 3 were given", "module": "posthog", "function": "_direct_capture", "line": 59}
{"timestamp": "2025-08-04T07:36:33.173724", "level": "ERROR", "logger": "chromadb.telemetry.product.posthog", "message": "Failed to send telemetry event ClientStartEvent: capture() takes 1 positional argument but 3 were given", "module": "posthog", "function": "_direct_capture", "line": 59}
{"timestamp": "2025-08-04T07:36:33.175235", "level": "ERROR", "logger": "chromadb.telemetry.product.posthog", "message": "Failed to send telemetry event ClientCreateCollectionEvent: capture() takes 1 positional argument but 3 were given", "module": "posthog", "function": "_direct_capture", "line": 59}
{"timestamp": "2025-08-04T07:40:21.356434", "level": "ERROR", "logger": "chromadb.telemetry.product.posthog", "message": "Failed to send telemetry event ClientStartEvent: capture() takes 1 positional argument but 3 were given", "module": "posthog", "function": "_direct_capture", "line": 59}
{"timestamp": "2025-08-04T07:40:21.357714", "level": "ERROR", "logger": "chromadb.telemetry.product.posthog", "message": "Failed to send telemetry event ClientCreateCollectionEvent: capture() takes 1 positional argument but 3 were given", "module": "posthog", "function": "_direct_capture", "line": 59}
{"timestamp": "2025-08-04T07:43:27.732226", "level": "ERROR", "logger": "chromadb.telemetry.product.posthog", "message": "Failed to send telemetry event ClientStartEvent: capture() takes 1 positional argument but 3 were given", "module": "posthog", "function": "_direct_capture", "line": 59}
{"timestamp": "2025-08-04T07:43:27.740639", "level": "ERROR", "logger": "chromadb.telemetry.product.posthog", "message": "Failed to send telemetry event ClientCreateCollectionEvent: capture() takes 1 positional argument but 3 were given", "module": "posthog", "function": "_direct_capture", "line": 59}
{"timestamp": "2025-08-04T07:44:01.481834", "level": "ERROR", "logger": "chromadb.telemetry.product.posthog", "message": "Failed to send telemetry event ClientStartEvent: capture() takes 1 positional argument but 3 were given", "module": "posthog", "function": "_direct_capture", "line": 59}
{"timestamp": "2025-08-04T07:44:01.484992", "level": "ERROR", "logger": "chromadb.telemetry.product.posthog", "message": "Failed to send telemetry event ClientCreateCollectionEvent: capture() takes 1 positional argument but 3 were given", "module": "posthog", "function": "_direct_capture", "line": 59}
{"timestamp": "2025-08-04T07:44:01.647109", "level": "ERROR", "logger": "chromadb.telemetry.product.posthog", "message": "Failed to send telemetry event CollectionQueryEvent: capture() takes 1 positional argument but 3 were given", "module": "posthog", "function": "_direct_capture", "line": 59}
{"timestamp": "2025-08-04T07:44:45.029112", "level": "ERROR", "logger": "chromadb.telemetry.product.posthog", "message": "Failed to send telemetry event ClientStartEvent: capture() takes 1 positional argument but 3 were given", "module": "posthog", "function": "_direct_capture", "line": 59}
{"timestamp": "2025-08-04T07:44:45.032082", "level": "ERROR", "logger": "chromadb.telemetry.product.posthog", "message": "Failed to send telemetry event ClientCreateCollectionEvent: capture() takes 1 positional argument but 3 were given", "module": "posthog", "function": "_direct_capture", "line": 59}
{"timestamp": "2025-08-04T07:44:45.224867", "level": "ERROR", "logger": "chromadb.telemetry.product.posthog", "message": "Failed to send telemetry event CollectionQueryEvent: capture() takes 1 positional argument but 3 were given", "module": "posthog", "function": "_direct_capture", "line": 59}
{"timestamp": "2025-08-04T07:46:29.490620", "level": "ERROR", "logger": "chromadb.telemetry.product.posthog", "message": "Failed to send telemetry event ClientStartEvent: capture() takes 1 positional argument but 3 were given", "module": "posthog", "function": "_direct_capture", "line": 59}
{"timestamp": "2025-08-04T07:46:29.495206", "level": "ERROR", "logger": "chromadb.telemetry.product.posthog", "message": "Failed to send telemetry event ClientCreateCollectionEvent: capture() takes 1 positional argument but 3 were given", "module": "posthog", "function": "_direct_capture", "line": 59}
{"timestamp": "2025-08-04T07:46:31.094330", "level": "ERROR", "logger": "chromadb.telemetry.product.posthog", "message": "Failed to send telemetry event ClientStartEvent: capture() takes 1 positional argument but 3 were given", "module": "posthog", "function": "_direct_capture", "line": 59}
{"timestamp": "2025-08-04T07:46:31.096058", "level": "ERROR", "logger": "chromadb.telemetry.product.posthog", "message": "Failed to send telemetry event ClientCreateCollectionEvent: capture() takes 1 positional argument but 3 were given", "module": "posthog", "function": "_direct_capture", "line": 59}
{"timestamp": "2025-08-04T07:46:33.581126", "level": "ERROR", "logger": "chromadb.telemetry.product.posthog", "message": "Failed to send telemetry event ClientStartEvent: capture() takes 1 positional argument but 3 were given", "module": "posthog", "function": "_direct_capture", "line": 59}
{"timestamp": "2025-08-04T07:46:33.583427", "level": "ERROR", "logger": "chromadb.telemetry.product.posthog", "message": "Failed to send telemetry event ClientCreateCollectionEvent: capture() takes 1 positional argument but 3 were given", "module": "posthog", "function": "_direct_capture", "line": 59}
{"timestamp": "2025-08-04T07:46:36.304150", "level": "ERROR", "logger": "chromadb.telemetry.product.posthog", "message": "Failed to send telemetry event ClientStartEvent: capture() takes 1 positional argument but 3 were given", "module": "posthog", "function": "_direct_capture", "line": 59}
{"timestamp": "2025-08-04T07:46:36.305849", "level": "ERROR", "logger": "chromadb.telemetry.product.posthog", "message": "Failed to send telemetry event ClientCreateCollectionEvent: capture() takes 1 positional argument but 3 were given", "module": "posthog", "function": "_direct_capture", "line": 59}
{"timestamp": "2025-08-04T07:46:36.314907", "level": "ERROR", "logger": "chromadb.telemetry.product.posthog", "message": "Failed to send telemetry event CollectionGetEvent: capture() takes 1 positional argument but 3 were given", "module": "posthog", "function": "_direct_capture", "line": 59}
{"timestamp": "2025-08-04T07:46:36.421672", "level": "ERROR", "logger": "chromadb.telemetry.product.posthog", "message": "Failed to send telemetry event CollectionDeleteEvent: capture() takes 1 positional argument but 3 were given", "module": "posthog", "function": "_direct_capture", "line": 59}
{"timestamp": "2025-08-04T07:46:38.762080", "level": "ERROR", "logger": "chromadb.telemetry.product.posthog", "message": "Failed to send telemetry event ClientStartEvent: capture() takes 1 positional argument but 3 were given", "module": "posthog", "function": "_direct_capture", "line": 59}
{"timestamp": "2025-08-04T07:46:38.764291", "level": "ERROR", "logger": "chromadb.telemetry.product.posthog", "message": "Failed to send telemetry event ClientCreateCollectionEvent: capture() takes 1 positional argument but 3 were given", "module": "posthog", "function": "_direct_capture", "line": 59}
{"timestamp": "2025-08-04T07:47:10.780284", "level": "ERROR", "logger": "chromadb.telemetry.product.posthog", "message": "Failed to send telemetry event ClientStartEvent: capture() takes 1 positional argument but 3 were given", "module": "posthog", "function": "_direct_capture", "line": 59}
{"timestamp": "2025-08-04T07:47:10.782722", "level": "ERROR", "logger": "chromadb.telemetry.product.posthog", "message": "Failed to send telemetry event ClientCreateCollectionEvent: capture() takes 1 positional argument but 3 were given", "module": "posthog", "function": "_direct_capture", "line": 59}
{"timestamp": "2025-08-04T07:47:10.950380", "level": "ERROR", "logger": "chromadb.telemetry.product.posthog", "message": "Failed to send telemetry event CollectionQueryEvent: capture() takes 1 positional argument but 3 were given", "module": "posthog", "function": "_direct_capture", "line": 59}
{"timestamp": "2025-08-04T07:48:54.518824", "level": "ERROR", "logger": "chromadb.telemetry.product.posthog", "message": "Failed to send telemetry event ClientStartEvent: capture() takes 1 positional argument but 3 were given", "module": "posthog", "function": "_direct_capture", "line": 59}
{"timestamp": "2025-08-04T07:48:54.523487", "level": "ERROR", "logger": "chromadb.telemetry.product.posthog", "message": "Failed to send telemetry event ClientCreateCollectionEvent: capture() takes 1 positional argument but 3 were given", "module": "posthog", "function": "_direct_capture", "line": 59}
{"timestamp": "2025-08-04T07:48:54.721941", "level": "ERROR", "logger": "chromadb.telemetry.product.posthog", "message": "Failed to send telemetry event CollectionQueryEvent: capture() takes 1 positional argument but 3 were given", "module": "posthog", "function": "_direct_capture", "line": 59}
{"timestamp": "2025-08-04T07:53:21.803156", "level": "ERROR", "logger": "chromadb.telemetry.product.posthog", "message": "Failed to send telemetry event ClientStartEvent: capture() takes 1 positional argument but 3 were given", "module": "posthog", "function": "_direct_capture", "line": 59}
{"timestamp": "2025-08-04T07:53:21.806665", "level": "ERROR", "logger": "chromadb.telemetry.product.posthog", "message": "Failed to send telemetry event ClientCreateCollectionEvent: capture() takes 1 positional argument but 3 were given", "module": "posthog", "function": "_direct_capture", "line": 59}
{"timestamp": "2025-08-04T07:54:18.415049", "level": "ERROR", "logger": "chromadb.telemetry.product.posthog", "message": "Failed to send telemetry event ClientStartEvent: capture() takes 1 positional argument but 3 were given", "module": "posthog", "function": "_direct_capture", "line": 59}
{"timestamp": "2025-08-04T07:54:18.417213", "level": "ERROR", "logger": "chromadb.telemetry.product.posthog", "message": "Failed to send telemetry event ClientCreateCollectionEvent: capture() takes 1 positional argument but 3 were given", "module": "posthog", "function": "_direct_capture", "line": 59}
{"timestamp": "2025-08-04T07:54:18.564481", "level": "ERROR", "logger": "chromadb.telemetry.product.posthog", "message": "Failed to send telemetry event CollectionQueryEvent: capture() takes 1 positional argument but 3 were given", "module": "posthog", "function": "_direct_capture", "line": 59}
{"timestamp": "2025-08-04T07:54:43.347432", "level": "ERROR", "logger": "chromadb.telemetry.product.posthog", "message": "Failed to send telemetry event ClientStartEvent: capture() takes 1 positional argument but 3 were given", "module": "posthog", "function": "_direct_capture", "line": 59}
{"timestamp": "2025-08-04T07:54:43.350990", "level": "ERROR", "logger": "chromadb.telemetry.product.posthog", "message": "Failed to send telemetry event ClientCreateCollectionEvent: capture() takes 1 positional argument but 3 were given", "module": "posthog", "function": "_direct_capture", "line": 59}
{"timestamp": "2025-08-04T07:54:43.530291", "level": "ERROR", "logger": "chromadb.telemetry.product.posthog", "message": "Failed to send telemetry event CollectionQueryEvent: capture() takes 1 positional argument but 3 were given", "module": "posthog", "function": "_direct_capture", "line": 59}
{"timestamp": "2025-08-04T07:56:07.460687", "level": "ERROR", "logger": "chromadb.telemetry.product.posthog", "message": "Failed to send telemetry event ClientStartEvent: capture() takes 1 positional argument but 3 were given", "module": "posthog", "function": "_direct_capture", "line": 59}
{"timestamp": "2025-08-04T07:56:07.464520", "level": "ERROR", "logger": "chromadb.telemetry.product.posthog", "message": "Failed to send telemetry event ClientCreateCollectionEvent: capture() takes 1 positional argument but 3 were given", "module": "posthog", "function": "_direct_capture", "line": 59}
{"timestamp": "2025-08-04T07:56:07.600620", "level": "ERROR", "logger": "chromadb.telemetry.product.posthog", "message": "Failed to send telemetry event CollectionQueryEvent: capture() takes 1 positional argument but 3 were given", "module": "posthog", "function": "_direct_capture", "line": 59}
{"timestamp": "2025-08-04T07:56:30.764084", "level": "ERROR", "logger": "chromadb.telemetry.product.posthog", "message": "Failed to send telemetry event ClientStartEvent: capture() takes 1 positional argument but 3 were given", "module": "posthog", "function": "_direct_capture", "line": 59}
{"timestamp": "2025-08-04T07:56:30.765806", "level": "ERROR", "logger": "chromadb.telemetry.product.posthog", "message": "Failed to send telemetry event ClientCreateCollectionEvent: capture() takes 1 positional argument but 3 were given", "module": "posthog", "function": "_direct_capture", "line": 59}
{"timestamp": "2025-08-04T07:56:41.569360", "level": "ERROR", "logger": "chromadb.telemetry.product.posthog", "message": "Failed to send telemetry event ClientStartEvent: capture() takes 1 positional argument but 3 were given", "module": "posthog", "function": "_direct_capture", "line": 59}
{"timestamp": "2025-08-04T07:56:41.570914", "level": "ERROR", "logger": "chromadb.telemetry.product.posthog", "message": "Failed to send telemetry event ClientCreateCollectionEvent: capture() takes 1 positional argument but 3 were given", "module": "posthog", "function": "_direct_capture", "line": 59}
{"timestamp": "2025-08-04T07:56:41.762073", "level": "ERROR", "logger": "chromadb.telemetry.product.posthog", "message": "Failed to send telemetry event CollectionQueryEvent: capture() takes 1 positional argument but 3 were given", "module": "posthog", "function": "_direct_capture", "line": 59}
{"timestamp": "2025-08-04T07:59:20.335771", "level": "ERROR", "logger": "chromadb.telemetry.product.posthog", "message": "Failed to send telemetry event ClientStartEvent: capture() takes 1 positional argument but 3 were given", "module": "posthog", "function": "_direct_capture", "line": 59}
{"timestamp": "2025-08-04T07:59:20.337340", "level": "ERROR", "logger": "chromadb.telemetry.product.posthog", "message": "Failed to send telemetry event ClientCreateCollectionEvent: capture() takes 1 positional argument but 3 were given", "module": "posthog", "function": "_direct_capture", "line": 59}
{"timestamp": "2025-08-04T07:59:41.559668", "level": "ERROR", "logger": "chromadb.telemetry.product.posthog", "message": "Failed to send telemetry event ClientStartEvent: capture() takes 1 positional argument but 3 were given", "module": "posthog", "function": "_direct_capture", "line": 59}
{"timestamp": "2025-08-04T07:59:41.562105", "level": "ERROR", "logger": "chromadb.telemetry.product.posthog", "message": "Failed to send telemetry event ClientCreateCollectionEvent: capture() takes 1 positional argument but 3 were given", "module": "posthog", "function": "_direct_capture", "line": 59}
{"timestamp": "2025-08-04T07:59:41.779494", "level": "ERROR", "logger": "chromadb.telemetry.product.posthog", "message": "Failed to send telemetry event CollectionQueryEvent: capture() takes 1 positional argument but 3 were given", "module": "posthog", "function": "_direct_capture", "line": 59}
{"timestamp": "2025-08-04T08:00:49.581304", "level": "ERROR", "logger": "chromadb.telemetry.product.posthog", "message": "Failed to send telemetry event ClientStartEvent: capture() takes 1 positional argument but 3 were given", "module": "posthog", "function": "_direct_capture", "line": 59}
{"timestamp": "2025-08-04T08:00:49.583324", "level": "ERROR", "logger": "chromadb.telemetry.product.posthog", "message": "Failed to send telemetry event ClientCreateCollectionEvent: capture() takes 1 positional argument but 3 were given", "module": "posthog", "function": "_direct_capture", "line": 59}
{"timestamp": "2025-08-04T08:00:49.761909", "level": "ERROR", "logger": "chromadb.telemetry.product.posthog", "message": "Failed to send telemetry event CollectionQueryEvent: capture() takes 1 positional argument but 3 were given", "module": "posthog", "function": "_direct_capture", "line": 59}
{"timestamp": "2025-08-04T08:01:39.590226", "level": "ERROR", "logger": "chromadb.telemetry.product.posthog", "message": "Failed to send telemetry event ClientStartEvent: capture() takes 1 positional argument but 3 were given", "module": "posthog", "function": "_direct_capture", "line": 59}
{"timestamp": "2025-08-04T08:01:39.592752", "level": "ERROR", "logger": "chromadb.telemetry.product.posthog", "message": "Failed to send telemetry event ClientCreateCollectionEvent: capture() takes 1 positional argument but 3 were given", "module": "posthog", "function": "_direct_capture", "line": 59}
{"timestamp": "2025-08-04T08:01:39.818529", "level": "ERROR", "logger": "chromadb.telemetry.product.posthog", "message": "Failed to send telemetry event CollectionQueryEvent: capture() takes 1 positional argument but 3 were given", "module": "posthog", "function": "_direct_capture", "line": 59}
{"timestamp": "2025-08-04T08:42:30.714393", "level": "ERROR", "logger": "chromadb.telemetry.product.posthog", "message": "Failed to send telemetry event ClientStartEvent: capture() takes 1 positional argument but 3 were given", "module": "posthog", "function": "_direct_capture", "line": 59}
{"timestamp": "2025-08-04T08:42:30.727554", "level": "ERROR", "logger": "chromadb.telemetry.product.posthog", "message": "Failed to send telemetry event ClientCreateCollectionEvent: capture() takes 1 positional argument but 3 were given", "module": "posthog", "function": "_direct_capture", "line": 59}
{"timestamp": "2025-08-04T08:42:31.619832", "level": "ERROR", "logger": "chromadb.telemetry.product.posthog", "message": "Failed to send telemetry event CollectionQueryEvent: capture() takes 1 positional argument but 3 were given", "module": "posthog", "function": "_direct_capture", "line": 59}
{"timestamp": "2025-08-04T08:45:08.547716", "level": "ERROR", "logger": "chromadb.telemetry.product.posthog", "message": "Failed to send telemetry event ClientStartEvent: capture() takes 1 positional argument but 3 were given", "module": "posthog", "function": "_direct_capture", "line": 59}
{"timestamp": "2025-08-04T08:45:08.556651", "level": "ERROR", "logger": "chromadb.telemetry.product.posthog", "message": "Failed to send telemetry event ClientCreateCollectionEvent: capture() takes 1 positional argument but 3 were given", "module": "posthog", "function": "_direct_capture", "line": 59}
{"timestamp": "2025-08-04T08:45:08.585378", "level": "ERROR", "logger": "app.api.routes_document", "message": "Failed to ingest document 22: Solo-report.pdf", "module": "routes_document", "function": "upload_user_documents", "line": 148}
{"timestamp": "2025-08-04T08:45:41.818293", "level": "ERROR", "logger": "chromadb.telemetry.product.posthog", "message": "Failed to send telemetry event ClientStartEvent: capture() takes 1 positional argument but 3 were given", "module": "posthog", "function": "_direct_capture", "line": 59}
{"timestamp": "2025-08-04T08:45:41.819909", "level": "ERROR", "logger": "chromadb.telemetry.product.posthog", "message": "Failed to send telemetry event ClientCreateCollectionEvent: capture() takes 1 positional argument but 3 were given", "module": "posthog", "function": "_direct_capture", "line": 59}
{"timestamp": "2025-08-04T08:45:41.832109", "level": "ERROR", "logger": "app.api.routes_document", "message": "Failed to ingest document 23: Solo-report.pdf", "module": "routes_document", "function": "upload_user_documents", "line": 148}
{"timestamp": "2025-08-04T08:55:26.648035", "level": "ERROR", "logger": "app.api.routes_document", "message": "Failed to ingest document 24: Solo-report.pdf", "module": "routes_document", "function": "upload_user_documents", "line": 148}
{"timestamp": "2025-08-04T09:00:42.170372", "level": "ERROR", "logger": "app.api.routes_document", "message": "Failed to ingest document 25: Solo-report.pdf", "module": "routes_document", "function": "upload_user_documents", "line": 148}
{"timestamp": "2025-08-04T09:02:51.284031", "level": "ERROR", "logger": "chromadb.telemetry.product.posthog", "message": "Failed to send telemetry event ClientStartEvent: capture() takes 1 positional argument but 3 were given", "module": "posthog", "function": "_direct_capture", "line": 59}
{"timestamp": "2025-08-04T09:02:51.293072", "level": "ERROR", "logger": "chromadb.telemetry.product.posthog", "message": "Failed to send telemetry event ClientCreateCollectionEvent: capture() takes 1 positional argument but 3 were given", "module": "posthog", "function": "_direct_capture", "line": 59}
{"timestamp": "2025-08-04T09:03:47.924305", "level": "ERROR", "logger": "chromadb.telemetry.product.posthog", "message": "Failed to send telemetry event ClientStartEvent: capture() takes 1 positional argument but 3 were given", "module": "posthog", "function": "_direct_capture", "line": 59}
{"timestamp": "2025-08-04T09:03:47.926429", "level": "ERROR", "logger": "chromadb.telemetry.product.posthog", "message": "Failed to send telemetry event ClientCreateCollectionEvent: capture() takes 1 positional argument but 3 were given", "module": "posthog", "function": "_direct_capture", "line": 59}
{"timestamp": "2025-08-04T09:03:48.634234", "level": "ERROR", "logger": "chromadb.telemetry.product.posthog", "message": "Failed to send telemetry event CollectionQueryEvent: capture() takes 1 positional argument but 3 were given", "module": "posthog", "function": "_direct_capture", "line": 59}
{"timestamp": "2025-08-04T09:04:15.463770", "level": "ERROR", "logger": "chromadb.telemetry.product.posthog", "message": "Failed to send telemetry event ClientStartEvent: capture() takes 1 positional argument but 3 were given", "module": "posthog", "function": "_direct_capture", "line": 59}
{"timestamp": "2025-08-04T09:04:15.466170", "level": "ERROR", "logger": "chromadb.telemetry.product.posthog", "message": "Failed to send telemetry event ClientCreateCollectionEvent: capture() takes 1 positional argument but 3 were given", "module": "posthog", "function": "_direct_capture", "line": 59}
{"timestamp": "2025-08-04T09:04:15.861251", "level": "ERROR", "logger": "chromadb.telemetry.product.posthog", "message": "Failed to send telemetry event CollectionQueryEvent: capture() takes 1 positional argument but 3 were given", "module": "posthog", "function": "_direct_capture", "line": 59}
{"timestamp": "2025-08-04T09:04:49.294447", "level": "ERROR", "logger": "chromadb.telemetry.product.posthog", "message": "Failed to send telemetry event ClientStartEvent: capture() takes 1 positional argument but 3 were given", "module": "posthog", "function": "_direct_capture", "line": 59}
{"timestamp": "2025-08-04T09:04:49.296788", "level": "ERROR", "logger": "chromadb.telemetry.product.posthog", "message": "Failed to send telemetry event ClientCreateCollectionEvent: capture() takes 1 positional argument but 3 were given", "module": "posthog", "function": "_direct_capture", "line": 59}
{"timestamp": "2025-08-04T09:04:49.615335", "level": "ERROR", "logger": "chromadb.telemetry.product.posthog", "message": "Failed to send telemetry event CollectionQueryEvent: capture() takes 1 positional argument but 3 were given", "module": "posthog", "function": "_direct_capture", "line": 59}
